
> fueleu-frontend@1.0.0 test
> vitest run


[1m[46m RUN [49m[22m [36mv3.2.4 [39m[90mC:/Users/vives/OneDrive/Desktop/full stack developer/Varuna/FuelEU-Maritime-Compliance-Platform/frontend[39m

 [31mΓ¥»[39m src/__tests__/CompareTable.test.tsx [2m([22m[2m3 tests[22m[2m | [22m[31m1 failed[39m[2m)[22m[32m 77[2mms[22m[39m
[31m   [31m├ù[31m CompareTable[2m > [22mrenders comparison rows correctly[39m[32m 65[2mms[22m[39m
[31m     ΓåÆ Found multiple elements with the text: Γ¥î

Here are the matching elements:

Ignored nodes: comments, script, style
[36m<span[31m
  [33mclass[31m=[32m"text-red-500"[31m
  [33mtitle[31m=[32m"Non-Compliant"[31m
[36m>[31m
  [0mΓ¥î[0m
[36m</span>[31m

Ignored nodes: comments, script, style
[36m<span[31m
  [33mclass[31m=[32m"text-red-500"[31m
  [33mtitle[31m=[32m"Non-Compliant"[31m
[36m>[31m
  [0mΓ¥î[0m
[36m</span>[31m

(If this is intentional, then use the `*AllBy*` variant of the query (like `queryAllByText`, `getAllByText`, or `findAllByText`)).

Ignored nodes: comments, script, style
[36m<body>[31m
  [36m<div>[31m
    [36m<div[31m
      [33mclass[31m=[32m"bg-white rounded-lg shadow overflow-hidden border border-gray-200"[31m
    [36m>[31m
      [36m<div[31m
        [33mclass[31m=[32m"overflow-x-auto"[31m
      [36m>[31m
        [36m<table[31m
          [33mclass[31m=[32m"min-w-full divide-y divide-gray-200 text-sm"[31m
        [36m>[31m
          [36m<thead[31m
            [33mclass[31m=[32m"bg-gray-50 text-gray-500 uppercase text-xs"[31m
          [36m>[31m
            [36m<tr>[31m
              [36m<th[31m
                [33mclass[31m=[32m"px-6 py-3 text-left font-semibold tracking-wider"[31m
                [33mscope[31m=[32m"col"[31m
              [36m>[31m
                [0mRoute ID[0m
              [36m</th>[31m
              [36m<th[31m
                [33mclass[31m=[32m"px-6 py-3 text-right font-semibold tracking-wider"[31m
                [33mscope[31m=[32m"col"[31m
              [36m>[31m
                [0mBaseline Intensity[0m
              [36m</th>[31m
              [36m<th[31m
                [33mclass[31m=[32m"px-6 py-3 text-right font-semibold tracking-wider"[31m
                [33mscope[31m=[32m"col"[31m
              [36m>[31m
                [0mComp. Intensity[0m
              [36m</th>[31m
              [36m<th[31m
                [33mclass[31m=[32m"px-6 py-3 text-right font-semibold tracking-wider"[31m
                [33mscope[31m=[32m"col"[31m
              [36m>[31m
                [0m% Diff[0m
              [36m</th>[31m
              [36m<th[31m
                [33mclass[31m=[32m"px-6 py-3 text-center font-semibold tracking-wider"[31m
                [33mscope[31m=[32m"col"[31m
              [36m>[31m
                [0mCompliance[0m
              [36m</th>[31m
            [36m</tr>[31m
          [36m</thead>[31m
          [36m<tbody[31m
            [33mclass[31m=[32m"bg-white divide-y divide-gray-200"[31m
          [36m>[31m
            [36m<tr[31m
              [33mclass[31m=[32m"hover:bg-gray-50 transition-colors bg-blue-50/50 font-bold"[31m
            [36m>[31m
              [36m<td[31m
                [33mclass[31m=[32m"px-6 py-4 whitespace-nowrap text-gray-900"[31m
              [36m>[31m
                [0mR001[0m
              [36m</td>[31m
              [36m<td[31m
                [33mclass[31m=[32m"px-6 py-4 whitespace-nowrap text-right text-gray-600 font-mono"[31m
              [36m>[31m
                [0m91.00[0m
              [36m</td>[31m
              [36m<td[31m
                [33mclass[31m=[32m"px-6 py-4 whitespace-nowrap text-right text-gray-900 font-mono"[31m
              [36m>[31m
                [0m91.00[0m
              [36m</td>[31m
              [36m<td[31m
                [33mclass[31m=[32m"px-6 py-4 whitespace-nowrap text-right font-mono text-gray-500"[31m
              [36m>[31m
                [0m0.00[0m
                [0m%[0m
              [36m</td>[31m
              [36m<td[31m
                [33mclass[31m=[32m"px-6 py-4 whitespace-nowrap text-center text-xl"[31m
              [36m>[31m
                [36m<span[31m
                  [33mclass[31m=[32m"text-red-500"[31m
                  [33mtitle[31m=[32m"Non-Compliant"[31m
                [36m>[31m
                  [0mΓ¥î[0m
                [36m</span>[31m
              [36m</td>[31m
            [36m</tr>[31m
            [36m<tr[31m
              [33mclass[31m=[32m"hover:bg-gray-50 transition-colors "[31m
            [36m>[31m
              [36m<td[31m
                [33mclass[31m=[32m"px-6 py-4 whitespace-nowrap text-gray-900"[31m
              [36m>[31m
                [0mR002[0m
              [36m</td>[31m
              [36m<td[31m
                [33mclass[31m=[32m"px-6 py-4 whitespace-nowrap text-right text-gray-600 font-mono"[31m
              [36m>[31m
                [0m91.00[0m
              [36m</td>[31m
              [36m<td[31m
                [33mclass[31m=[32m"px-6 py-4 whitespace-nowrap text-right text-gray-900 font-mono"[31m
              [36m>[31m
                [0m88.00[0m
              [36m</td>[31m
              [36m<td[31m
                [33mclass[31m=[32m"px-6 py-4 whitespace-nowrap text-right font-mono text-green-600"[31m
              [36m>[31m
                [0m-3.30[0m
                [0m%[0m
              [36m</td>[31m
              [36m<td[31m
                [33mclass[31m=[32m"px-6 py-4 whitespace-nowrap text-center text-xl"[31m
              [36m>[31m
                [36m<span[31m
                  [33mclass[31m=[32m"text-green-500"[31m
                  [33mtitle[31m=[32m"Compliant"[31m
                [36m>[31m
                  [0mΓ£à[0m
                [36m</span>[31m
              [36m</td>[31m
            [36m</tr>[31m
            [36m<tr[31m
              [33mclass[31m=[32m"hover:bg-gray-50 transition-colors "[31m
            [36m>[31m
              [36m<td[31m
                [33mclass[31m=[32m"px-6 py-4 whitespace-nowrap text-gray-900"[31m
              [36m>[31m
                [0mR003[0m
              [36m</td>[31m
              [36m<td[31m
                [33mclass[31m=[32m"px-6 py-4 whitespace-nowrap text-right text-gray-600 font-mono"[31m
              [36m>[31m
                [0m91.00[0m
              [36m</td>[31m
              [36m<td[31m
                [33mclass[31m=[32m"px-6 py-4 whitespace-nowrap text-right text-gray-900 font-mono"[31m
              [36m>[31m
                [0m95.00[0m
              [36m</td>[31m
              [36m<td[31m
                [33mclass[31m=[32m"px-6 py-4 whitespace-nowrap text-right font-mono text-red-600"[31m
              [36m>[31m
                [0m+[0m
                [0m4.40[0m
                [0m%[0m
              [36m</td>[31m
              [36m<td[31m
                [33mclass[31m=[32m"px-6 py-4 whitespace-nowrap text-center text-xl"[31m
              [36m>[31m
                [36m<span[31m
                  [33mclass[31m=[32m"text-red-500"[31m
                  [33mtitle[31m=[32m"Non-Compliant"[31m
                [36m>[31m
                  [0mΓ¥î[0m
                [36m</span>[31m
              [36m</td>[31m
            [36m</tr>[31m
          [36m</tbody>[31m
        [36m</table>[31m
      [36m</div>[31m
    [36m</div>[31m
  [36m</div>[31m
[36m</body>[31m[39m
   [32mΓ£ô[39m CompareTable[2m > [22mhighlights the baseline row[32m 7[2mms[22m[39m
   [32mΓ£ô[39m CompareTable[2m > [22mshows empty state when no data is provided[32m 3[2mms[22m[39m
 [32mΓ£ô[39m src/__tests__/RoutesTable.test.tsx [2m([22m[2m4 tests[22m[2m)[22m[32m 172[2mms[22m[39m
 [32mΓ£ô[39m src/__tests__/RoutesPage.test.tsx [2m([22m[2m4 tests[22m[2m)[22m[32m 201[2mms[22m[39m
node.exe : [90mstderr[2m | 
src/__tests__/ComparePage.test.tsx[2m > 
[22m[2mComparePage[2m > [22m[2mfetches and processes 
comparison data correctly
At line:1 char:1
+ & "C:\Program Files\nodejs/node.exe" "C:\Program 
Files\nodejs/node_mo ...
+ ~~~~~~~~~~~~~~~~~~~~~~~~~~~~~~~~~~~~~~~~~~~~~~~~~~~~~~~~
~~~~~~~~~~~~~
    + CategoryInfo          : NotSpecified: ([90mstderr 
   [2m... data correctly:String) [], RemoteException
    + FullyQualifiedErrorId : NativeCommandError
 
[22m[39mThe width(-1) and height(-1) of chart should be 
greater than 0,
       please check the style of container, or the props 
width(100%) and height(90%),
       or add a minWidth(0) or minHeight(undefined) or 
use aspect(undefined) to control the
       height and width.

 [32mΓ£ô[39m src/__tests__/ComparisonChart.test.tsx [2m([22m[2m1 test[22m[2m)[22m[32m 58[2mms[22m[39m
 [32mΓ£ô[39m src/__tests__/App.test.tsx [2m([22m[2m2 tests[22m[2m)[22m[32m 92[2mms[22m[39m
 [32mΓ£ô[39m src/__tests__/TabLayout.test.tsx [2m([22m[2m2 tests[22m[2m)[22m[32m 133[2mms[22m[39m
[90mstderr[2m | src/__tests__/ComparePage.test.tsx[2m 
> [22m[2mComparePage[2m > [22m[2mshows warning when 
no baseline route is detected
[22m[39mThe width(-1) and height(-1) of chart should be 
greater than 0,
       please check the style of container, or the props 
width(100%) and height(90%),
       or add a minWidth(0) or minHeight(undefined) or 
use aspect(undefined) to control the
       height and width.

[90mstderr[2m | src/__tests__/ComparePage.test.tsx[2m 
> [22m[2mComparePage[2m > [22m[2mhandles API errors 
gracefully
[22m[39mThe width(-1) and height(-1) of chart should be 
greater than 0,
       please check the style of container, or the props 
width(100%) and height(90%),
       or add a minWidth(0) or minHeight(undefined) or 
use aspect(undefined) to control the
       height and width.

 [31mΓ¥»[39m src/__tests__/ComparePage.test.tsx [2m([22m[2m3 tests[22m[2m | [22m[31m1 failed[39m[2m)[22m[33m 1077[2mms[22m[39m
[31m   [31m├ù[31m ComparePage[2m > [22mfetches and processes comparison data correctly[39m[33m 1045[2mms[22m[39m
[31m     ΓåÆ Found multiple elements with the text: Γ¥î

Here are the matching elements:

Ignored nodes: comments, script, style
[36m<span[31m
  [33mclass[31m=[32m"text-red-500"[31m
  [33mtitle[31m=[32m"Non-Compliant"[31m
[36m>[31m
  [0mΓ¥î[0m
[36m</span>[31m

Ignored nodes: comments, script, style
[36m<span[31m
  [33mclass[31m=[32m"text-red-500"[31m
  [33mtitle[31m=[32m"Non-Compliant"[31m
[36m>[31m
  [0mΓ¥î[0m
[36m</span>[31m

(If this is intentional, then use the `*AllBy*` variant of the query (like `queryAllByText`, `getAllByText`, or `findAllByText`)).

Ignored nodes: comments, script, style
[36m<body>[31m
  [36m<div>[31m
    [36m<div[31m
      [33mclass[31m=[32m"flex flex-col gap-6"[31m
    [36m>[31m
      [36m<div[31m
        [33mclass[31m=[32m"flex justify-between items-center"[31m
      [36m>[31m
        [36m<h2[31m
          [33mclass[31m=[32m"text-2xl font-bold text-gray-900"[31m
        [36m>[31m
          [0mCompare Routes[0m
        [36m</h2>[31m
        [36m<button[31m
          [33mclass[31m=[32m"text-sm font-medium text-indigo-600 hover:text-indigo-800"[31m
        [36m>[31m
          [0mRefresh Data[0m
        [36m</button>[31m
      [36m</div>[31m
      [36m<div[31m
        [33mclass[31m=[32m"grid grid-cols-1 xl:grid-cols-2 gap-6"[31m
      [36m>[31m
        [36m<div[31m
          [33mclass[31m=[32m"flex flex-col gap-4"[31m
        [36m>[31m
          [36m<h3[31m
            [33mclass[31m=[32m"text-lg font-semibold text-gray-700"[31m
          [36m>[31m
            [0mComparison Data[0m
          [36m</h3>[31m
          [36m<div[31m
            [33mclass[31m=[32m"bg-white rounded-lg shadow overflow-hidden border border-gray-200"[31m
          [36m>[31m
            [36m<div[31m
              [33mclass[31m=[32m"overflow-x-auto"[31m
            [36m>[31m
              [36m<table[31m
                [33mclass[31m=[32m"min-w-full divide-y divide-gray-200 text-sm"[31m
              [36m>[31m
                [36m<thead[31m
                  [33mclass[31m=[32m"bg-gray-50 text-gray-500 uppercase text-xs"[31m
                [36m>[31m
                  [36m<tr>[31m
                    [36m<th[31m
                      [33mclass[31m=[32m"px-6 py-3 text-left font-semibold tracking-wider"[31m
                      [33mscope[31m=[32m"col"[31m
                    [36m>[31m
                      [0mRoute ID[0m
                    [36m</th>[31m
                    [36m<th[31m
                      [33mclass[31m=[32m"px-6 py-3 text-right font-semibold tracking-wider"[31m
                      [33mscope[31m=[32m"col"[31m
                    [36m>[31m
                      [0mBaseline Intensity[0m
                    [36m</th>[31m
                    [36m<th[31m
                      [33mclass[31m=[32m"px-6 py-3 text-right font-semibold tracking-wider"[31m
                      [33mscope[31m=[32m"col"[31m
                    [36m>[31m
                      [0mComp. Intensity[0m
                    [36m</th>[31m
                    [36m<th[31m
                      [33mclass[31m=[32m"px-6 py-3 text-right font-semibold tracking-wider"[31m
                      [33mscope[31m=[32m"col"[31m
                    [36m>[31m
                      [0m% Diff[0m
                    [36m</th>[31m
                    [36m<th[31m
                      [33mclass[31m=[32m"px-6 py-3 text-center font-semibold tracking-wider"[31m
                      [33mscope[31m=[32m"col"[31m
                    [36m>[31m
                      [0mCompliance[0m
                    [36m</th>[31m
                  [36m</tr>[31m
                [36m</thead>[31m
                [36m<tbody[31m
                  [33mclass[31m=[32m"bg-white divide-y divide-gray-200"[31m
                [36m>[31m
                  [36m<tr[31m
                    [33mclass[31m=[32m"hover:bg-gray-50 transition-colors bg-blue-50/50 font-bold"[31m
                  [36m>[31m
                    [36m<td[31m
                      [33mclass[31m=[32m"px-6 py-4 whitespace-nowrap text-gray-900"[31m
                    [36m>[31m
                      [0mR001[0m
                    [36m</td>[31m
                    [36m<td[31m
                      [33mclass[31m=[32m"px-6 py-4 whitespace-nowrap text-right text-gray-600 font-mono"[31m
                    [36m>[31m
                      [0m91.00[0m
                    [36m</td>[31m
                    [36m<td[31m
                      [33mclass[31m=[32m"px-6 py-4 whitespace-nowrap text-right text-gray-900 font-mono"[31m
                    [36m>[31m
                      [0m91.00[0m
                    [36m</td>[31m
                    [36m<td[31m
                      [33mclass[31m=[32m"px-6 py-4 whitespace-nowrap text-right font-mono text-gray-500"[31m
                    [36m>[31m
                      [0m0.00[0m
                      [0m%[0m
                    [36m</td>[31m
                    [36m<td[31m
                      [33mclass[31m=[32m"px-6 py-4 whitespace-nowrap text-center text-xl"[31m
                    [36m>[31m
                      [36m<span[31m
                        [33mclass[31m=[32m"text-red-500"[31m
                        [33mtitle[31m=[32m"Non-Compliant"[31m
                      [36m>[31m
                        [0mΓ¥î[0m
                      [36m</span>[31m
                    [36m</td>[31m
                  [36m</tr>[31m
                  [36m<tr[31m
                    [33mclass[31m=[32m"hover:bg-gray-50 transition-colors "[31m
                  [36m>[31m
                    [36m<td[31m
                      [33mclass[31m=[32m"px-6 py-4 whitespace-nowrap text-gray-900"[31m
                    [36m>[31m
                      [0mR002[0m
                    [36m</td>[31m
                    [36m<td[31m
                      [33mclass[31m=[32m"px-6 py-4 whitespace-nowrap text-right text-gray-600 font-mono"[31m
                    [36m>[31m
                      [0m91.00[0m
                    [36m</td>[31m
                    [36m<td[31m
                      [33mclass[31m=[32m"px-6 py-4 whitespace-nowrap text-right text-gray-900 font-mono"[31m
                    [36m>[31m
                      [0m88.00[0m
                    [36m</td>[31m
                    [36m<td[31m
                      [33mclass[31m=[32m"px-6 py-4 whitespace-nowrap text-right font-mono text-green-600"[31m
                    [36m>[31m
                      [0m-3.30[0m
                      [0m%[0m
                    [36m</td>[31m
                    [36m<td[31m
                      [33mclass[31m=[32m"px-6 py-4 whitespace-nowrap text-center text-xl"[31m
                    [36m>[31m
                      [36m<span[31m
                        [33mclass[31m=[32m"text-green-500"[31m
                        [33mtitle[31m=[32m"Compliant"[31m
                      [36m>[31m
                        [0mΓ£à[0m
                      [36m</span>[31m
                    [36m</td>[31m
                  [36m</tr>[31m
                  [36m<tr[31m
                    [33mclass[31m=[32m"hover:bg-gray-50 transition-colors "[31m
                  [36m>[31m
                    [36m<td[31m
                      [33mclass[31m=[32m"px-6 py-4 whitespace-nowrap text-gray-900"[31m
                    [36m>[31m
                      [0mR003[0m
                    [36m</td>[31m
                    [36m<td[31m
                      [33mclass[31m=[32m"px-6 py-4 whitespace-nowrap text-right text-gray-600 font-mono"[31m
                    [36m>[31m
                      [0m91.00[0m
                    [36m</td>[31m
                    [36m<td[31m
                      [33mclass[31m=[32m"px-6 py-4 whitespace-nowrap text-right text-gray-900 font-mono"[31m
                    [36m>[31m
                      [0m95.00[0m
                    [36m</td>[31m
                    [36m<td[31m
                      [33mclass[31m=[32m"px-6 py-4 whitespace-nowrap text-right font-mono text-red-600"[31m
                    [36m>[31m
                      [0m+[0m
                      [0m4.40[0m
                      [0m%[0m
                    [36m</td>[31m
                    [36m<td[31m
                      [33mclass[31m=[32m"px-6 py-4 whitespace-nowrap text-center text-xl"[31m
                    [36m>[31m
                      [36m<span[31m
                        [33mclass[31m=[32m"text-red-500"[31m
                        [33mtitle[31m=[32m"Non-Compliant"[31m
                      [36m>[31m
                        [0mΓ¥î[0m
                      [36m</span>[31m
                    [36m</td>[31m
                  [36m</tr>[31m
                [36m</tbody>[31m
              [36m</table>[31m
            [36m</div>[31m
          [36m</div>[31m
        [36m</div>[31m
        [36m<div[31m
          [33mclass[31m=[32m"flex flex-col gap-4"[31m
        [36m>[31m
          [36m<h3[31m
            [33mclass[31m=[32m"text-lg font-semibold text-gray-700"[31m
          [36m>[31m
            [0mIntensity Metrics[0m
          [36m</h3>[31m
          [36m<div[31m
            [33mclass[31m=[32m"bg-white p-4 rounded-lg shadow border border-gray-200 h-[400px]"[31m
          [36m>[31m
            [36m<h3[31m
              [33mclass[31m=[32m"text-sm font-semibold text-gray-700 mb-4 uppercase tracking-wider"[31m
            [36m>[31m
              [0mGHG Intensity Comparison (gCO2e/MJ)[0m
            [36m</h3>[31m
            [36m<div[31m
              [33mclass[31m=[32m"recharts-responsive-container"[31m
              [33mstyle[31m=[32m"width: 100%; height: 90%; min-width: 0;"[31m
            [36m>[31m
              [36m<div[31m
                [33mstyle[31m=[32m"width: 0px; height: 0px; overflow: visible;"[31m
              [36m/>[31m
            [36m</div>[31m
            [36m<div[31m
              [33mclass[31m=[32m"mt-2 flex justify-center gap-6 text-[10px] uppercase font-bold tracking-widest text-gray-400"[31m
            [36m>[31m
              [36m<div[31m
                [33mclass[31m=[32m"flex items-center gap-2"[31m
              [36m>[31m
                [36m<div[31m
                  [33mclass[31m=[32m"w-3 h-3 bg-indigo-500 rounded-sm"[31m
                [36m/>[31m
                [36m<span>[31m
                  [0mBaseline[0m
                [36m</span>[31m
              [36m</div>[31m
              [36m<div[31m
                [33mclass[31m=[32m"flex items-center gap-2"[31m
              [36m>[31m
                [36m<div[31m
                  [33mclass[31m=[32m"w-3 h-3 bg-emerald-500 rounded-sm"[31m
                [36m/>[31m
                [36m<span>[31m
                  [0mCompliant[0m
                [36m</span>[31m
              [36m</div>[31m
              [36m<div[31m
                [33mclass[31m=[32m"flex items-center gap-2"[31m
              [36m>[31m
                [36m<div[31m
                  [33mclass[31m=[32m"w-3 h-3 bg-rose-500 rounded-sm"[31m
                [36m/>[31m
                [36m<span>[31m
                  [0mNon-Compliant[0m
                [36m</span>[31m
              [36m</div>[31m
            [36m</div>[31m
          [36m</div>[31m
        [36m</div>[31m
      [36m</div>[31m
    [36m</div>[31m
  [36m</div>[31m
[36m</body>[31m

Ignored nodes: comments, script, style
[36m<html>[31m
  [36m<head />[31m
  [36m<body>[31m
    [36m<div>[31m
      [36m<div[31m
        [33mclass[31m=[32m"flex flex-col gap-6"[31m
      [36m>[31m
        [36m<div[31m
          [33mclass[31m=[32m"flex justify-between items-center"[31m
        [36m>[31m
          [36m<h2[31m
            [33mclass[31m=[32m"text-2xl font-bold text-gray-900"[31m
          [36m>[31m
            [0mCompare Routes[0m
          [36m</h2>[31m
          [36m<button[31m
            [33mclass[31m=[32m"text-sm font-medium text-indigo-600 hover:text-indigo-800"[31m
          [36m>[31m
            [0mRefresh Data[0m
          [36m</button>[31m
        [36m</div>[31m
        [36m<div[31m
          [33mclass[31m=[32m"grid grid-cols-1 xl:grid-cols-2 gap-6"[31m
        [36m>[31m
          [36m<div[31m
            [33mclass[31m=[32m"flex flex-col gap-4"[31m
          [36m>[31m
            [36m<h3[31m
              [33mclass[31m=[32m"text-lg font-semibold text-gray-700"[31m
            [36m>[31m
              [0mComparison Data[0m
            [36m</h3>[31m
            [36m<div[31m
              [33mclass[31m=[32m"bg-white rounded-lg shadow overflow-hidden border border-gray-200"[31m
            [36m>[31m
              [36m<div[31m
                [33mclass[31m=[32m"overflow-x-auto"[31m
              [36m>[31m
                [36m<table[31m
                  [33mclass[31m=[32m"min-w-full divide-y divide-gray-200 text-sm"[31m
                [36m>[31m
                  [36m<thead[31m
                    [33mclass[31m=[32m"bg-gray-50 text-gray-500 uppercase text-xs"[31m
                  [36m>[31m
                    [36m<tr>[31m
                      [36m<th[31m
                        [33mclass[31m=[32m"px-6 py-3 text-left font-semibold tracking-wider"[31m
                        [33mscope[31m=[32m"col"[31m
                      [36m>[31m
                        [0mRoute ID[0m
                      [36m</th>[31m
                      [36m<th[31m
                        [33mclass[31m=[32m"px-6 py-3 text-right font-semibold tracking-wider"[31m
                        [33mscope[31m=[32m"col"[31m
                      [36m>[31m
                        [0mBaseline Intensity[0m
                      [36m</th>[31m
                      [36m<th[31m
                        [33mclass[31m=[32m"px-6 py-3 text-right font-semibold tracking-wider"[31m
                        [33mscope[31m=[32m"col"[31m
                      [36m>[31m
                        [0mComp. Intensity[0m
                      [36m</th>[31m
                      [36m<th[31m
                        [33mclass[31m=[32m"px-6 py-3 text-right font-semibold tracking-wider"[31m
                        [33mscope[31m=[32m"col"[31m
                      [36m>[31m
                        [0m% Diff[0m
                      [36m</th>[31m
                      [36m<th[31m
                        [33mclass[31m=[32m"px-6 py-3 text-center font-semibold tracking-wider"[31m
                        [33mscope[31m=[32m"col"[31m
                      [36m>[31m
                        [0mCompliance[0m
                      [36m</th>[31m
                    [36m</tr>[31m
                  [36m</thead>[31m
                  [36m<tbody[31m
                    [33mclass[31m=[32m"bg-white divide-y divide-gray-200"[31m
                  [36m>[31m
                    [36m<tr[31m
                      [33mclass[31m=[32m"hover:bg-gray-50 transition-colors bg-blue-50/50 font-bold"[31m
                    [36m>[31m
                      [36m<td[31m
                        [33mclass[31m=[32m"px-6 py-4 whitespace-nowrap text-gray-900"[31m
                      [36m>[31m
                        [0mR001[0m
                      [36m</td>[31m
                      [36m<td[31m
                        [33mclass[31m=[32m"px-6 py-4 whitespace-nowrap text-right text-gray-600 font-mono"[31m
                      [36m>[31m
                        [0m91.00[0m
                      [36m</td>[31m
                      [36m<td[31m
                        [33mclass[31m=[32m"px-6 py-4 whitespace-nowrap text-right text-gray-900 font-mono"[31m
                      [36m>[31m
                        [0m91.00[0m
                      [36m</td>[31m
                      [36m<td[31m
                        [33mclass[31m=[32m"px-6 py-4 whitespace-nowrap text-right font-mono text-gray-500"[31m
                      [36m>[31m
                        [0m0.00[0m
                        [0m%[0m
                      [36m</td>[31m
                      [36m<td[31m
                        [33mclass[31m=[32m"px-6 py-4 whitespace-nowrap text-center text-xl"[31m
                      [36m>[31m
                        [36m<span[31m
                          [33mclass[31m=[32m"text-red-500"[31m
                          [33mtitle[31m=[32m"Non-Compliant"[31m
                        [36m>[31m
                          [0mΓ¥î[0m
                        [36m</span>[31m
                      [36m</td>[31m
                    [36m</tr>[31m
                    [36m<tr[31m
                      [33mclass[31m=[32m"hover:bg-gray-50 transition-colors "[31m
                    [36m>[31m
                      [36m<td[31m
                        [33mclass[31m=[32m"px-6 py-4 whitespace-nowrap text-gray-900"[31m
                      [36m>[31m
                        [0mR002[0m
                      [36m</td>[31m
                      [36m<td[31m
                        [33mclass[31m=[32m"px-6 py-4 whitespace-nowrap text-right text-gray-600 font-mono"[31m
                      [36m>[31m
                        [0m91.00[0m
                      [36m</td>[31m
                      [36m<td[31m
                        [33mclass[31m=[32m"px-6 py-4 whitespace-nowrap text-right text-gray-900 font-mono"[31m
                      [36m>[31m
                        [0m88.00[0m
                      [36m</td>[31m
                      [36m<td[31m
                        [33mclass[31m=[32m"px-6 py-4 whitespace-nowrap text-right font-mono text-green-600"[31m
                      [36m>[31m
                        [0m-3.30[0m
                        [0m%[0m
                      [36m</td>[31m
                      [36m<td[31m
                        [33mclass[31m=[32m"px-6 py-4 whitespace-nowrap text-center text-xl"[31m
                      [36m>[31m
                        [36m<span[31m
                          [33mclass[31m=[32m"text-green-500"[31m
                          [33mtitle[31m=[32m"Compliant"[31m
                        [36m>[31m
                          [0mΓ£à[0m
                        [36m</span>[31m
                      [36m</td>[31m
                    [36m</tr>[31m
                    [36m<tr[31m
                      [33mclass[31m=[32m"hover:bg-gray-50 transition-colors "[31m
                    [36m>[31m
                      [36m<td[31m
                        [33mclass[31m=[32m"px-6 py-4 whitespace-nowrap text-gray-900"[31m
                      [36m>[31m
                        [0mR003[0m
                      [36m</td>[31m
                      [36m<td[31m
                        [33mclass[31m=[32m"px-6 py-4 whitespace-nowrap text-right text-gray-600 font-mono"[31m
                      [36m>[31m
                        [0m91.00[0m
                      [36m</td>[31m
                      [36m<td[31m
                        [33mclass[31m=[32m"px-6 py-4 whitespace-nowrap text-right text-gray-900 font-mono"[31m
                      [36m>[31m
                        [0m95.00[0m
                      [36m</td>[31m
                      [36m<td[31m
                        [33mclass[31m=[32m"px-6 py-4 whitespace-nowrap text-right font-mono text-red-600"[31m
                      [36m>[31m
                        [0m+[0m
                        [0m4.40[0m
                        [0m%[0m
                      [36m</td>[31m
                      [36m<td[31m
                        [33mclass[31m=[32m"px-6 py-4 whitespace-nowrap text-center text-xl"[31m
                      [36m>[31m
                        [36m<span[31m
                          [33mclass[31m=[32m"text-red-500"[31m
                          [33mtitle[31m=[32m"Non-Compliant"[31m
                        [36m>[31m
                          [0mΓ¥î[0m
                        [36m</span>[31m
                      [36m</td>[31m
                    [36m</tr>[31m
                  [36m</tbody>[31m
                [36m</table>[31m
              [36m</div>[31m
            [36m</div>[31m
          [36m</div>[31m
          [36m<div[31m
            [33mclass[31m=[32m"flex flex-col gap-4"[31m
          [36m>[31m
            [36m<h3[31m
              [33mclass[31m=[32m"text-lg font-semibold text-gray-700"[31m
            [36m>[31m
              [0mIntensity Metrics[0m
            [36m</h3>[31m
            [36m<div[31m
              [33mclass[31m=[32m"bg-white p-4 rounded-lg shadow border border-gray-200 h-[400px]"[31m
            [36m>[31m
              [36m<h3[31m
                [33mclass[31m=[32m"text-sm font-semibold text-gray-700 mb-4 uppercase tracking-wider"[31m
              [36m>[31m
                [0mGHG Intensity Comparison (gCO2e/MJ)[0m
              [36m</h3>[31m
              [36m<div[31m
                [33mclass[31m=[32m"recharts-responsive-container"[31m
                [33mstyle[31m=[32m"width: 100%; height: 90%; min-width: 0;"[31m
              [36m>[31m
                [36m<div[31m
                  [33mstyle[31m=[32m"width: 0px; height: 0px; overflow: visible;"[31m
                [36m/>[31m
              [36m</div>[31m
              [36m<div[31m
                [33mclass[31m=[32m"mt-2 flex justify-center gap-6 text-[10px] uppercase font-bold tracking-widest text-gray-400"[31m
              [36m>[31m
                [36m<div[31m
                  [33mclass[31m=[32m"flex items-center gap-2"[31m
                [36m>[31m
                  [36m<div[31m
                    [33mclass[31m=[32m"w-3 h-3 bg-indigo-500 rounded-sm"[31m
                  [36m/>[31m
                  [36m<span>[31m
                    [0mBaseline[0m
                  [36m</span>[31m
                [36m</div>[31m
                [36m<div[31m
                  [33mclass[31m=[32m"flex items-center gap-2"[31m
                [36m>[31m
                  [36m<div[31m
                    [33mclass[31m=[32m"w-3 h-3 bg-emerald-500 rounded-sm"[31m
                  [36m/>[31m
                  [36m<span>[31m
                    [0mCompliant[0m
                  [36m</span>[31m
                [36m</div>[31m
                [36m<div[31m
                  [33mclass[31m=[32m"flex items-center gap-2"[31m
                [36m>[31m
                  [36m<div[31m
                    [33mclass[31m=[32m"w-3 h-3 bg-rose-500 rounded-sm"[31m
                  [36m/>[31m
                  [36m<span>[31m
                    [0mNon-Compliant[0m
                  [36m</span>[31m
                [36m</div>[31m
              [36m</div>[31m
            [36m</div>[31m
          [36m</div>[31m
        [36m</div>[31m
      [36m</div>[31m
    [36m</div>[31m
  [36m</body>[31m
[36m</html>[31m[39m
   [32mΓ£ô[39m ComparePage[2m > [22mshows warning when no baseline route is detected[32m 21[2mms[22m[39m
   [32mΓ£ô[39m ComparePage[2m > [22mhandles API errors gracefully[32m 9[2mms[22m[39m

[31mΓÄ»ΓÄ»ΓÄ»ΓÄ»ΓÄ»ΓÄ»ΓÄ»[39m[1m[41m Failed Tests 2 
[49m[22m[31mΓÄ»ΓÄ»ΓÄ»ΓÄ»ΓÄ»ΓÄ»ΓÄ»[39m

[41m[1m FAIL [22m[49m 
src/__tests__/ComparePage.test.tsx[2m > 
[22mComparePage[2m > [22mfetches and processes 
comparison data correctly
[31m[1mTestingLibraryElementError[22m[39m: Found 
multiple elements with the text: Γ¥î

Here are the matching elements:

Ignored nodes: comments, script, style
[36m<span[39m
  [33mclass[39m=[32m"text-red-500"[39m
  [33mtitle[39m=[32m"Non-Compliant"[39m
[36m>[39m
  [0mΓ¥î[0m
[36m</span>[39m

Ignored nodes: comments, script, style
[36m<span[39m
  [33mclass[39m=[32m"text-red-500"[39m
  [33mtitle[39m=[32m"Non-Compliant"[39m
[36m>[39m
  [0mΓ¥î[0m
[36m</span>[39m

(If this is intentional, then use the `*AllBy*` variant 
of the query (like `queryAllByText`, `getAllByText`, or 
`findAllByText`)).

Ignored nodes: comments, script, style
[36m<body>[39m
  [36m<div>[39m
    [36m<div[39m
      [33mclass[39m=[32m"flex flex-col gap-6"[39m
    [36m>[39m
      [36m<div[39m
        [33mclass[39m=[32m"flex justify-between 
items-center"[39m
      [36m>[39m
        [36m<h2[39m
          [33mclass[39m=[32m"text-2xl font-bold 
text-gray-900"[39m
        [36m>[39m
          [0mCompare Routes[0m
        [36m</h2>[39m
        [36m<button[39m
          [33mclass[39m=[32m"text-sm font-medium 
text-indigo-600 hover:text-indigo-800"[39m
        [36m>[39m
          [0mRefresh Data[0m
        [36m</button>[39m
      [36m</div>[39m
      [36m<div[39m
        [33mclass[39m=[32m"grid grid-cols-1 
xl:grid-cols-2 gap-6"[39m
      [36m>[39m
        [36m<div[39m
          [33mclass[39m=[32m"flex flex-col gap-4"[39m
        [36m>[39m
          [36m<h3[39m
            [33mclass[39m=[32m"text-lg font-semibold 
text-gray-700"[39m
          [36m>[39m
            [0mComparison Data[0m
          [36m</h3>[39m
          [36m<div[39m
            [33mclass[39m=[32m"bg-white rounded-lg 
shadow overflow-hidden border border-gray-200"[39m
          [36m>[39m
            [36m<div[39m
              [33mclass[39m=[32m"overflow-x-auto"[39m
            [36m>[39m
              [36m<table[39m
                [33mclass[39m=[32m"min-w-full divide-y 
divide-gray-200 text-sm"[39m
              [36m>[39m
                [36m<thead[39m
                  [33mclass[39m=[32m"bg-gray-50 
text-gray-500 uppercase text-xs"[39m
                [36m>[39m
                  [36m<tr>[39m
                    [36m<th[39m
                      [33mclass[39m=[32m"px-6 py-3 
text-left font-semibold tracking-wider"[39m
                      [33mscope[39m=[32m"col"[39m
                    [36m>[39m
                      [0mRoute ID[0m
                    [36m</th>[39m
                    [36m<th[39m
                      [33mclass[39m=[32m"px-6 py-3 
text-right font-semibold tracking-wider"[39m
                      [33mscope[39m=[32m"col"[39m
                    [36m>[39m
                      [0mBaseline Intensity[0m
                    [36m</th>[39m
                    [36m<th[39m
                      [33mclass[39m=[32m"px-6 py-3 
text-right font-semibold tracking-wider"[39m
                      [33mscope[39m=[32m"col"[39m
                    [36m>[39m
                      [0mComp. Intensity[0m
                    [36m</th>[39m
                    [36m<th[39m
                      [33mclass[39m=[32m"px-6 py-3 
text-right font-semibold tracking-wider"[39m
                      [33mscope[39m=[32m"col"[39m
                    [36m>[39m
                      [0m% Diff[0m
                    [36m</th>[39m
                    [36m<th[39m
                      [33mclass[39m=[32m"px-6 py-3 
text-center font-semibold tracking-wider"[39m
                      [33mscope[39m=[32m"col"[39m
                    [36m>[39m
                      [0mCompliance[0m
                    [36m</th>[39m
                  [36m</tr>[39m
                [36m</thead>[39m
                [36m<tbody[39m
                  [33mclass[39m=[32m"bg-white divide-y 
divide-gray-200"[39m
                [36m>[39m
                  [36m<tr[39m
                    
[33mclass[39m=[32m"hover:bg-gray-50 transition-colors 
bg-blue-50/50 font-bold"[39m
                  [36m>[39m
                    [36m<td[39m
                      [33mclass[39m=[32m"px-6 py-4 
whitespace-nowrap text-gray-900"[39m
                    [36m>[39m
                      [0mR001[0m
                    [36m</td>[39m
                    [36m<td[39m
                      [33mclass[39m=[32m"px-6 py-4 
whitespace-nowrap text-right text-gray-600 font-mono"[39m
                    [36m>[39m
                      [0m91.00[0m
                    [36m</td>[39m
                    [36m<td[39m
                      [33mclass[39m=[32m"px-6 py-4 
whitespace-nowrap text-right text-gray-900 font-mono"[39m
                    [36m>[39m
                      [0m91.00[0m
                    [36m</td>[39m
                    [36m<td[39m
                      [33mclass[39m=[32m"px-6 py-4 
whitespace-nowrap text-right font-mono text-gray-500"[39m
                    [36m>[39m
                      [0m0.00[0m
                      [0m%[0m
                    [36m</td>[39m
                    [36m<td[39m
                      [33mclass[39m=[32m"px-6 py-4 
whitespace-nowrap text-center text-xl"[39m
                    [36m>[39m
                      [36m<span[39m
                        
[33mclass[39m=[32m"text-red-500"[39m
                        
[33mtitle[39m=[32m"Non-Compliant"[39m
                      [36m>[39m
                        [0mΓ¥î[0m
                      [36m</span>[39m
                    [36m</td>[39m
                  [36m</tr>[39m
                  [36m<tr[39m
                    
[33mclass[39m=[32m"hover:bg-gray-50 transition-colors 
"[39m
                  [36m>[39m
                    [36m<td[39m
                      [33mclass[39m=[32m"px-6 py-4 
whitespace-nowrap text-gray-900"[39m
                    [36m>[39m
                      [0mR002[0m
                    [36m</td>[39m
                    [36m<td[39m
                      [33mclass[39m=[32m"px-6 py-4 
whitespace-nowrap text-right text-gray-600 font-mono"[39m
                    [36m>[39m
                      [0m91.00[0m
                    [36m</td>[39m
                    [36m<td[39m
                      [33mclass[39m=[32m"px-6 py-4 
whitespace-nowrap text-right text-gray-900 font-mono"[39m
                    [36m>[39m
                      [0m88.00[0m
                    [36m</td>[39m
                    [36m<td[39m
                      [33mclass[39m=[32m"px-6 py-4 
whitespace-nowrap text-right font-mono 
text-green-600"[39m
                    [36m>[39m
                      [0m-3.30[0m
                      [0m%[0m
                    [36m</td>[39m
                    [36m<td[39m
                      [33mclass[39m=[32m"px-6 py-4 
whitespace-nowrap text-center text-xl"[39m
                    [36m>[39m
                      [36m<span[39m
                        
[33mclass[39m=[32m"text-green-500"[39m
                        
[33mtitle[39m=[32m"Compliant"[39m
                      [36m>[39m
                        [0mΓ£à[0m
                      [36m</span>[39m
                    [36m</td>[39m
                  [36m</tr>[39m
                  [36m<tr[39m
                    
[33mclass[39m=[32m"hover:bg-gray-50 transition-colors 
"[39m
                  [36m>[39m
                    [36m<td[39m
                      [33mclass[39m=[32m"px-6 py-4 
whitespace-nowrap text-gray-900"[39m
                    [36m>[39m
                      [0mR003[0m
                    [36m</td>[39m
                    [36m<td[39m
                      [33mclass[39m=[32m"px-6 py-4 
whitespace-nowrap text-right text-gray-600 font-mono"[39m
                    [36m>[39m
                      [0m91.00[0m
                    [36m</td>[39m
                    [36m<td[39m
                      [33mclass[39m=[32m"px-6 py-4 
whitespace-nowrap text-right text-gray-900 font-mono"[39m
                    [36m>[39m
                      [0m95.00[0m
                    [36m</td>[39m
                    [36m<td[39m
                      [33mclass[39m=[32m"px-6 py-4 
whitespace-nowrap text-right font-mono text-red-600"[39m
                    [36m>[39m
                      [0m+[0m
                      [0m4.40[0m
                      [0m%[0m
                    [36m</td>[39m
                    [36m<td[39m
                      [33mclass[39m=[32m"px-6 py-4 
whitespace-nowrap text-center text-xl"[39m
                    [36m>[39m
                      [36m<span[39m
                        
[33mclass[39m=[32m"text-red-500"[39m
                        
[33mtitle[39m=[32m"Non-Compliant"[39m
                      [36m>[39m
                        [0mΓ¥î[0m
                      [36m</span>[39m
                    [36m</td>[39m
                  [36m</tr>[39m
                [36m</tbody>[39m
              [36m</table>[39m
            [36m</div>[39m
          [36m</div>[39m
        [36m</div>[39m
        [36m<div[39m
          [33mclass[39m=[32m"flex flex-col gap-4"[39m
        [36m>[39m
          [36m<h3[39m
            [33mclass[39m=[32m"text-lg font-semibold 
text-gray-700"[39m
          [36m>[39m
            [0mIntensity Metrics[0m
          [36m</h3>[39m
          [36m<div[39m
            [33mclass[39m=[32m"bg-white p-4 rounded-lg 
shadow border border-gray-200 h-[400px]"[39m
          [36m>[39m
            [36m<h3[39m
              [33mclass[39m=[32m"text-sm font-semibold 
text-gray-700 mb-4 uppercase tracking-wider"[39m
            [36m>[39m
              [0mGHG Intensity Comparison (gCO2e/MJ)[0m
            [36m</h3>[39m
            [36m<div[39m
              
[33mclass[39m=[32m"recharts-responsive-container"[39m
              [33mstyle[39m=[32m"width: 100%; height: 
90%; min-width: 0;"[39m
            [36m>[39m
              [36m<div[39m
                [33mstyle[39m=[32m"width: 0px; height: 
0px; overflow: visible;"[39m
              [36m/>[39m
            [36m</div>[39m
            [36m<div[39m
              [33mclass[39m=[32m"mt-2 flex 
justify-center gap-6 text-[10px] uppercase font-bold 
tracking-widest text-gray-400"[39m
            [36m>[39m
              [36m<div[39m
                [33mclass[39m=[32m"flex items-center 
gap-2"[39m
              [36m>[39m
                [36m<div[39m
                  [33mclass[39m=[32m"w-3 h-3 
bg-indigo-500 rounded-sm"[39m
                [36m/>[39m
                [36m<span>[39m
                  [0mBaseline[0m
                [36m</span>[39m
              [36m</div>[39m
              [36m<div[39m
                [33mclass[39m=[32m"flex items-center 
gap-2"[39m
              [36m>[39m
                [36m<div[39m
                  [33mclass[39m=[32m"w-3 h-3 
bg-emerald-500 rounded-sm"[39m
                [36m/>[39m
                [36m<span>[39m
                  [0mCompliant[0m
                [36m</span>[39m
              [36m</div>[39m
              [36m<div[39m
                [33mclass[39m=[32m"flex items-center 
gap-2"[39m
              [36m>[39m
                [36m<div[39m
                  [33mclass[39m=[32m"w-3 h-3 
bg-rose-500 rounded-sm"[39m
                [36m/>[39m
                [36m<span>[39m
                  [0mNon-Compliant[0m
                [36m</span>[39m
              [36m</div>[39m
            [36m</div>[39m
          [36m</div>[39m
        [36m</div>[39m
      [36m</div>[39m
    [36m</div>[39m
  [36m</div>[39m
[36m</body>[39m

Ignored nodes: comments, script, style
[36m<html>[39m
  [36m<head />[39m
  [36m<body>[39m
    [36m<div>[39m
      [36m<div[39m
        [33mclass[39m=[32m"flex flex-col gap-6"[39m
      [36m>[39m
        [36m<div[39m
          [33mclass[39m=[32m"flex justify-between 
items-center"[39m
        [36m>[39m
          [36m<h2[39m
            [33mclass[39m=[32m"text-2xl font-bold 
text-gray-900"[39m
          [36m>[39m
            [0mCompare Routes[0m
          [36m</h2>[39m
          [36m<button[39m
            [33mclass[39m=[32m"text-sm font-medium 
text-indigo-600 hover:text-indigo-800"[39m
          [36m>[39m
            [0mRefresh Data[0m
          [36m</button>[39m
        [36m</div>[39m
        [36m<div[39m
          [33mclass[39m=[32m"grid grid-cols-1 
xl:grid-cols-2 gap-6"[39m
        [36m>[39m
          [36m<div[39m
            [33mclass[39m=[32m"flex flex-col 
gap-4"[39m
          [36m>[39m
            [36m<h3[39m
              [33mclass[39m=[32m"text-lg font-semibold 
text-gray-700"[39m
            [36m>[39m
              [0mComparison Data[0m
            [36m</h3>[39m
            [36m<div[39m
              [33mclass[39m=[32m"bg-white rounded-lg 
shadow overflow-hidden border border-gray-200"[39m
            [36m>[39m
              [36m<div[39m
                
[33mclass[39m=[32m"overflow-x-auto"[39m
              [36m>[39m
                [36m<table[39m
                  [33mclass[39m=[32m"min-w-full 
divide-y divide-gray-200 text-sm"[39m
                [36m>[39m
                  [36m<thead[39m
                    [33mclass[39m=[32m"bg-gray-50 
text-gray-500 uppercase text-xs"[39m
                  [36m>[39m
                    [36m<tr>[39m
                      [36m<th[39m
                        [33mclass[39m=[32m"px-6 py-3 
text-left font-semibold tracking-wider"[39m
                        [33mscope[39m=[32m"col"[39m
                      [36m>[39m
                        [0mRoute ID[0m
                      [36m</th>[39m
                      [36m<th[39m
                        [33mclass[39m=[32m"px-6 py-3 
text-right font-semibold tracking-wider"[39m
                        [33mscope[39m=[32m"col"[39m
                      [36m>[39m
                        [0mBaseline Intensity[0m
                      [36m</th>[39m
                      [36m<th[39m
                        [33mclass[39m=[32m"px-6 py-3 
text-right font-semibold tracking-wider"[39m
                        [33mscope[39m=[32m"col"[39m
                      [36m>[39m
                        [0mComp. Intensity[0m
                      [36m</th>[39m
                      [36m<th[39m
                        [33mclass[39m=[32m"px-6 py-3 
text-right font-semibold tracking-wider"[39m
                        [33mscope[39m=[32m"col"[39m
                      [36m>[39m
                        [0m% Diff[0m
                      [36m</th>[39m
                      [36m<th[39m
                        [33mclass[39m=[32m"px-6 py-3 
text-center font-semibold tracking-wider"[39m
                        [33mscope[39m=[32m"col"[39m
                      [36m>[39m
                        [0mCompliance[0m
                      [36m</th>[39m
                    [36m</tr>[39m
                  [36m</thead>[39m
                  [36m<tbody[39m
                    [33mclass[39m=[32m"bg-white 
divide-y divide-gray-200"[39m
                  [36m>[39m
                    [36m<tr[39m
                      
[33mclass[39m=[32m"hover:bg-gray-50 transition-colors 
bg-blue-50/50 font-bold"[39m
                    [36m>[39m
                      [36m<td[39m
                        [33mclass[39m=[32m"px-6 py-4 
whitespace-nowrap text-gray-900"[39m
                      [36m>[39m
                        [0mR001[0m
                      [36m</td>[39m
                      [36m<td[39m
                        [33mclass[39m=[32m"px-6 py-4 
whitespace-nowrap text-right text-gray-600 font-mono"[39m
                      [36m>[39m
                        [0m91.00[0m
                      [36m</td>[39m
                      [36m<td[39m
                        [33mclass[39m=[32m"px-6 py-4 
whitespace-nowrap text-right text-gray-900 font-mono"[39m
                      [36m>[39m
                        [0m91.00[0m
                      [36m</td>[39m
                      [36m<td[39m
                        [33mclass[39m=[32m"px-6 py-4 
whitespace-nowrap text-right font-mono text-gray-500"[39m
                      [36m>[39m
                        [0m0.00[0m
                        [0m%[0m
                      [36m</td>[39m
                      [36m<td[39m
                        [33mclass[39m=[32m"px-6 py-4 
whitespace-nowrap text-center text-xl"[39m
                      [36m>[39m
                        [36m<span[39m
                          
[33mclass[39m=[32m"text-red-500"[39m
                          
[33mtitle[39m=[32m"Non-Compliant"[39m
                        [36m>[39m
                          [0mΓ¥î[0m
                        [36m</span>[39m
                      [36m</td>[39m
                    [36m</tr>[39m
                    [36m<tr[39m
                      
[33mclass[39m=[32m"hover:bg-gray-50 transition-colors 
"[39m
                    [36m>[39m
                      [36m<td[39m
                        [33mclass[39m=[32m"px-6 py-4 
whitespace-nowrap text-gray-900"[39m
                      [36m>[39m
                        [0mR002[0m
                      [36m</td>[39m
                      [36m<td[39m
                        [33mclass[39m=[32m"px-6 py-4 
whitespace-nowrap text-right text-gray-600 font-mono"[39m
                      [36m>[39m
                        [0m91.00[0m
                      [36m</td>[39m
                      [36m<td[39m
                        [33mclass[39m=[32m"px-6 py-4 
whitespace-nowrap text-right text-gray-900 font-mono"[39m
                      [36m>[39m
                        [0m88.00[0m
                      [36m</td>[39m
                      [36m<td[39m
                        [33mclass[39m=[32m"px-6 py-4 
whitespace-nowrap text-right font-mono 
text-green-600"[39m
                      [36m>[39m
                        [0m-3.30[0m
                        [0m%[0m
                      [36m</td>[39m
                      [36m<td[39m
                        [33mclass[39m=[32m"px-6 py-4 
whitespace-nowrap text-center text-xl"[39m
                      [36m>[39m
                        [36m<span[39m
                          
[33mclass[39m=[32m"text-green-500"[39m
                          
[33mtitle[39m=[32m"Compliant"[39m
                        [36m>[39m
                          [0mΓ£à[0m
                        [36m</span>[39m
                      [36m</td>[39m
                    [36m</tr>[39m
                    [36m<tr[39m
                      
[33mclass[39m=[32m"hover:bg-gray-50 transition-colors 
"[39m
                    [36m>[39m
                      [36m<td[39m
                        [33mclass[39m=[32m"px-6 py-4 
whitespace-nowrap text-gray-900"[39m
                      [36m>[39m
                        [0mR003[0m
                      [36m</td>[39m
                      [36m<td[39m
                        [33mclass[39m=[32m"px-6 py-4 
whitespace-nowrap text-right text-gray-600 font-mono"[39m
                      [36m>[39m
                        [0m91.00[0m
                      [36m</td>[39m
                      [36m<td[39m
                        [33mclass[39m=[32m"px-6 py-4 
whitespace-nowrap text-right text-gray-900 font-mono"[39m
                      [36m>[39m
                        [0m95.00[0m
                      [36m</td>[39m
                      [36m<td[39m
                        [33mclass[39m=[32m"px-6 py-4 
whitespace-nowrap text-right font-mono text-red-600"[39m
                      [36m>[39m
                        [0m+[0m
                        [0m4.40[0m
                        [0m%[0m
                      [36m</td>[39m
                      [36m<td[39m
                        [33mclass[39m=[32m"px-6 py-4 
whitespace-nowrap text-center text-xl"[39m
                      [36m>[39m
                        [36m<span[39m
                          
[33mclass[39m=[32m"text-red-500"[39m
                          
[33mtitle[39m=[32m"Non-Compliant"[39m
                        [36m>[39m
                          [0mΓ¥î[0m
                        [36m</span>[39m
                      [36m</td>[39m
                    [36m</tr>[39m
                  [36m</tbody>[39m
                [36m</table>[39m
              [36m</div>[39m
            [36m</div>[39m
          [36m</div>[39m
          [36m<div[39m
            [33mclass[39m=[32m"flex flex-col 
gap-4"[39m
          [36m>[39m
            [36m<h3[39m
              [33mclass[39m=[32m"text-lg font-semibold 
text-gray-700"[39m
            [36m>[39m
              [0mIntensity Metrics[0m
            [36m</h3>[39m
            [36m<div[39m
              [33mclass[39m=[32m"bg-white p-4 
rounded-lg shadow border border-gray-200 h-[400px]"[39m
            [36m>[39m
              [36m<h3[39m
                [33mclass[39m=[32m"text-sm 
font-semibold text-gray-700 mb-4 uppercase 
tracking-wider"[39m
              [36m>[39m
                [0mGHG Intensity Comparison 
(gCO2e/MJ)[0m
              [36m</h3>[39m
              [36m<div[39m
                
[33mclass[39m=[32m"recharts-responsive-container"[39m
                [33mstyle[39m=[32m"width: 100%; 
height: 90%; min-width: 0;"[39m
              [36m>[39m
                [36m<div[39m
                  [33mstyle[39m=[32m"width: 0px; 
height: 0px; overflow: visible;"[39m
                [36m/>[39m
              [36m</div>[39m
              [36m<div[39m
                [33mclass[39m=[32m"mt-2 flex 
justify-center gap-6 text-[10px] uppercase font-bold 
tracking-widest text-gray-400"[39m
              [36m>[39m
                [36m<div[39m
                  [33mclass[39m=[32m"flex items-center 
gap-2"[39m
                [36m>[39m
                  [36m<div[39m
                    [33mclass[39m=[32m"w-3 h-3 
bg-indigo-500 rounded-sm"[39m
                  [36m/>[39m
                  [36m<span>[39m
                    [0mBaseline[0m
                  [36m</span>[39m
                [36m</div>[39m
                [36m<div[39m
                  [33mclass[39m=[32m"flex items-center 
gap-2"[39m
                [36m>[39m
                  [36m<div[39m
                    [33mclass[39m=[32m"w-3 h-3 
bg-emerald-500 rounded-sm"[39m
                  [36m/>[39m
                  [36m<span>[39m
                    [0mCompliant[0m
                  [36m</span>[39m
                [36m</div>[39m
                [36m<div[39m
                  [33mclass[39m=[32m"flex items-center 
gap-2"[39m
                [36m>[39m
                  [36m<div[39m
                    [33mclass[39m=[32m"w-3 h-3 
bg-rose-500 rounded-sm"[39m
                  [36m/>[39m
                  [36m<span>[39m
                    [0mNon-Compliant[0m
                  [36m</span>[39m
                [36m</div>[39m
              [36m</div>[39m
            [36m</div>[39m
          [36m</div>[39m
        [36m</div>[39m
      [36m</div>[39m
    [36m</div>[39m
  [36m</body>[39m
[36m</html>[39m
[90m [2mΓ¥»[22m Proxy.waitForWrapper node_modules/@test
ing-library/dom/dist/wait-for.js:[2m163:27[22m[39m
[36m [2mΓ¥»[22m 
src/__tests__/ComparePage.test.tsx:[2m28:11[22m[39m
    [90m 26| [39m    expect(screen.getByText(/Loading 
comparison data.../i)).toBeInTheDΓÇª
    [90m 27| [39m
    [90m 28| [39m    [35mawait[39m 
[34mwaitFor[39m(() [33m=>[39m {
    [90m   | [39m          [31m^[39m
    [90m 29| [39m      [90m// Check if data is 
rendered in the table[39m
    [90m 30| [39m      [34mexpect[39m(screen[33m.[39
m[34mgetByText[39m([32m'R001'[39m))[33m.[39m[34mtoB
eInTheDocument[39m()[33m;[39m

[31m[2mΓÄ»ΓÄ»ΓÄ»ΓÄ»ΓÄ»ΓÄ»ΓÄ»ΓÄ»ΓÄ»ΓÄ»ΓÄ»ΓÄ»ΓÄ»ΓÄ»ΓÄ»ΓÄ»Γ
Ä»ΓÄ»ΓÄ»ΓÄ»ΓÄ»ΓÄ»ΓÄ»ΓÄ»[1/2]ΓÄ»[22m[39m

[41m[1m FAIL [22m[49m 
src/__tests__/CompareTable.test.tsx[2m > 
[22mCompareTable[2m > [22mrenders comparison rows 
correctly
[31m[1mTestingLibraryElementError[22m[39m: Found 
multiple elements with the text: Γ¥î

Here are the matching elements:

Ignored nodes: comments, script, style
[36m<span[39m
  [33mclass[39m=[32m"text-red-500"[39m
  [33mtitle[39m=[32m"Non-Compliant"[39m
[36m>[39m
  [0mΓ¥î[0m
[36m</span>[39m

Ignored nodes: comments, script, style
[36m<span[39m
  [33mclass[39m=[32m"text-red-500"[39m
  [33mtitle[39m=[32m"Non-Compliant"[39m
[36m>[39m
  [0mΓ¥î[0m
[36m</span>[39m

(If this is intentional, then use the `*AllBy*` variant 
of the query (like `queryAllByText`, `getAllByText`, or 
`findAllByText`)).

Ignored nodes: comments, script, style
[36m<body>[39m
  [36m<div>[39m
    [36m<div[39m
      [33mclass[39m=[32m"bg-white rounded-lg shadow 
overflow-hidden border border-gray-200"[39m
    [36m>[39m
      [36m<div[39m
        [33mclass[39m=[32m"overflow-x-auto"[39m
      [36m>[39m
        [36m<table[39m
          [33mclass[39m=[32m"min-w-full divide-y 
divide-gray-200 text-sm"[39m
        [36m>[39m
          [36m<thead[39m
            [33mclass[39m=[32m"bg-gray-50 
text-gray-500 uppercase text-xs"[39m
          [36m>[39m
            [36m<tr>[39m
              [36m<th[39m
                [33mclass[39m=[32m"px-6 py-3 text-left 
font-semibold tracking-wider"[39m
                [33mscope[39m=[32m"col"[39m
              [36m>[39m
                [0mRoute ID[0m
              [36m</th>[39m
              [36m<th[39m
                [33mclass[39m=[32m"px-6 py-3 
text-right font-semibold tracking-wider"[39m
                [33mscope[39m=[32m"col"[39m
              [36m>[39m
                [0mBaseline Intensity[0m
              [36m</th>[39m
              [36m<th[39m
                [33mclass[39m=[32m"px-6 py-3 
text-right font-semibold tracking-wider"[39m
                [33mscope[39m=[32m"col"[39m
              [36m>[39m
                [0mComp. Intensity[0m
              [36m</th>[39m
              [36m<th[39m
                [33mclass[39m=[32m"px-6 py-3 
text-right font-semibold tracking-wider"[39m
                [33mscope[39m=[32m"col"[39m
              [36m>[39m
                [0m% Diff[0m
              [36m</th>[39m
              [36m<th[39m
                [33mclass[39m=[32m"px-6 py-3 
text-center font-semibold tracking-wider"[39m
                [33mscope[39m=[32m"col"[39m
              [36m>[39m
                [0mCompliance[0m
              [36m</th>[39m
            [36m</tr>[39m
          [36m</thead>[39m
          [36m<tbody[39m
            [33mclass[39m=[32m"bg-white divide-y 
divide-gray-200"[39m
          [36m>[39m
            [36m<tr[39m
              [33mclass[39m=[32m"hover:bg-gray-50 
transition-colors bg-blue-50/50 font-bold"[39m
            [36m>[39m
              [36m<td[39m
                [33mclass[39m=[32m"px-6 py-4 
whitespace-nowrap text-gray-900"[39m
              [36m>[39m
                [0mR001[0m
              [36m</td>[39m
              [36m<td[39m
                [33mclass[39m=[32m"px-6 py-4 
whitespace-nowrap text-right text-gray-600 font-mono"[39m
              [36m>[39m
                [0m91.00[0m
              [36m</td>[39m
              [36m<td[39m
                [33mclass[39m=[32m"px-6 py-4 
whitespace-nowrap text-right text-gray-900 font-mono"[39m
              [36m>[39m
                [0m91.00[0m
              [36m</td>[39m
              [36m<td[39m
                [33mclass[39m=[32m"px-6 py-4 
whitespace-nowrap text-right font-mono text-gray-500"[39m
              [36m>[39m
                [0m0.00[0m
                [0m%[0m
              [36m</td>[39m
              [36m<td[39m
                [33mclass[39m=[32m"px-6 py-4 
whitespace-nowrap text-center text-xl"[39m
              [36m>[39m
                [36m<span[39m
                  [33mclass[39m=[32m"text-red-500"[39m
                  
[33mtitle[39m=[32m"Non-Compliant"[39m
                [36m>[39m
                  [0mΓ¥î[0m
                [36m</span>[39m
              [36m</td>[39m
            [36m</tr>[39m
            [36m<tr[39m
              [33mclass[39m=[32m"hover:bg-gray-50 
transition-colors "[39m
            [36m>[39m
              [36m<td[39m
                [33mclass[39m=[32m"px-6 py-4 
whitespace-nowrap text-gray-900"[39m
              [36m>[39m
                [0mR002[0m
              [36m</td>[39m
              [36m<td[39m
                [33mclass[39m=[32m"px-6 py-4 
whitespace-nowrap text-right text-gray-600 font-mono"[39m
              [36m>[39m
                [0m91.00[0m
              [36m</td>[39m
              [36m<td[39m
                [33mclass[39m=[32m"px-6 py-4 
whitespace-nowrap text-right text-gray-900 font-mono"[39m
              [36m>[39m
                [0m88.00[0m
              [36m</td>[39m
              [36m<td[39m
                [33mclass[39m=[32m"px-6 py-4 
whitespace-nowrap text-right font-mono 
text-green-600"[39m
              [36m>[39m

[2m Test Files [22m [1m[31m2 failed[39m[22m[2m | [22m[1m[32m5 passed[39m[22m[90m (7)[39m
[2m      Tests [22m [1m[31m2 failed[39m[22m[2m | [22m[1m[32m17 passed[39m[22m[90m (19)[39m
[2m   Start at [22m 00:54:05
[2m   Duration [22m 3.85s[2m (transform 338ms, setup 1.21s, collect 4.27s, tests 1.81s, environment 6.36s, prepare 1.57s)[22m

                [0m-3.30[0m
                [0m%[0m
              [36m</td>[39m
              [36m<td[39m
                [33mclass[39m=[32m"px-6 py-4 
whitespace-nowrap text-center text-xl"[39m
              [36m>[39m
                [36m<span[39m
                  
[33mclass[39m=[32m"text-green-500"[39m
                  [33mtitle[39m=[32m"Compliant"[39m
                [36m>[39m
                  [0mΓ£à[0m
                [36m</span>[39m
              [36m</td>[39m
            [36m</tr>[39m
            [36m<tr[39m
              [33mclass[39m=[32m"hover:bg-gray-50 
transition-colors "[39m
            [36m>[39m
              [36m<td[39m
                [33mclass[39m=[32m"px-6 py-4 
whitespace-nowrap text-gray-900"[39m
              [36m>[39m
                [0mR003[0m
              [36m</td>[39m
              [36m<td[39m
                [33mclass[39m=[32m"px-6 py-4 
whitespace-nowrap text-right text-gray-600 font-mono"[39m
              [36m>[39m
                [0m91.00[0m
              [36m</td>[39m
              [36m<td[39m
                [33mclass[39m=[32m"px-6 py-4 
whitespace-nowrap text-right text-gray-900 font-mono"[39m
              [36m>[39m
                [0m95.00[0m
              [36m</td>[39m
              [36m<td[39m
                [33mclass[39m=[32m"px-6 py-4 
whitespace-nowrap text-right font-mono text-red-600"[39m
              [36m>[39m
                [0m+[0m
                [0m4.40[0m
                [0m%[0m
              [36m</td>[39m
              [36m<td[39m
                [33mclass[39m=[32m"px-6 py-4 
whitespace-nowrap text-center text-xl"[39m
              [36m>[39m
                [36m<span[39m
                  [33mclass[39m=[32m"text-red-500"[39m
                  
[33mtitle[39m=[32m"Non-Compliant"[39m
                [36m>[39m
                  [0mΓ¥î[0m
                [36m</span>[39m
              [36m</td>[39m
            [36m</tr>[39m
          [36m</tbody>[39m
        [36m</table>[39m
      [36m</div>[39m
    [36m</div>[39m
  [36m</div>[39m
[36m</body>[39m
[90m [2mΓ¥»[22m Object.getElementError node_modules/@te
sting-library/dom/dist/config.js:[2m37:19[22m[39m
[90m [2mΓ¥»[22m getElementError node_modules/@testing-l
ibrary/dom/dist/query-helpers.js:[2m20:35[22m[39m
[90m [2mΓ¥»[22m getMultipleElementsFoundError node_modu
les/@testing-library/dom/dist/query-helpers.js:[2m23:10[
22m[39m
[90m [2mΓ¥»[22m node_modules/@testing-library/dom/dist/
query-helpers.js:[2m55:13[22m[39m
[90m [2mΓ¥»[22m node_modules/@testing-library/dom/dist/
query-helpers.js:[2m95:19[22m[39m
[36m [2mΓ¥»[22m 
src/__tests__/CompareTable.test.tsx:[2m47:19[22m[39m
    [90m 45| [39m    [34mexpect[39m(screen[33m.[39m
[34mgetByText[39m([32m'95.00'[39m))[33m.[39m[34mtoBe
InTheDocument[39m()[33m;[39m
    [90m 46| [39m    
expect(screen.getByText('+4.40%')).toBeInTheDocument(); 
// FormattΓÇª
    [90m 47| [39m    [34mexpect[39m(screen[33m.[39m
[34mgetByText[39m([32m'Γ¥î'[39m))[33m.[39m[34mtoBeIn
TheDocument[39m()[33m;[39m
    [90m   | [39m                  [31m^[39m
    [90m 48| [39m  })[33m;[39m
    [90m 49| [39m

[31m[2mΓÄ»ΓÄ»ΓÄ»ΓÄ»ΓÄ»ΓÄ»ΓÄ»ΓÄ»ΓÄ»ΓÄ»ΓÄ»ΓÄ»ΓÄ»ΓÄ»ΓÄ»ΓÄ»Γ
Ä»ΓÄ»ΓÄ»ΓÄ»ΓÄ»ΓÄ»ΓÄ»ΓÄ»[2/2]ΓÄ»[22m[39m

