src/adapters/inbound/http/routes.controller.ts(3,36): error TS2307: Cannot find module '../outbound/db/SqlRouteRepository' or its corresponding type declarations.
src/adapters/inbound/http/routes.controller.ts(4,29): error TS2307: Cannot find module '../../core/application/CreateRoute' or its corresponding type declarations.
src/adapters/inbound/http/routes.controller.ts(5,30): error TS2307: Cannot find module '../../core/application/GetAllRoutes' or its corresponding type declarations.
src/adapters/inbound/http/routes.controller.ts(6,23): error TS2307: Cannot find module '../../core/domain/Route' or its corresponding type declarations.
src/adapters/outbound/db/SqlRouteRepository.ts(3,23): error TS2307: Cannot find module '../../infrastructure/db/postgres' or its corresponding type declarations.
